<!DOCTYPE html>
<html lang="en">
<head>
	<meta charset="UTF-8">
	<title>Custom options</title>
	<link rel="stylesheet" href="http://yui.yahooapis.com/pure/0.5.0/pure-min.css">
</head>
<body>
	<img src="http://goo.gl/5P0K0K" alt="">

	<a href="http://goo.gl/rU0VuC">github.com/mikaelguillin/grunt-short-url</a>

	<script src="//ajax.googleapis.com/ajax/libs/jquery/1.11.1/jquery.min.js"></script>
</body>
</html>