<!DOCTYPE html>
<html lang="en">
<head>
	<meta charset="UTF-8">
	<title>Default options</title>
	<link rel="stylesheet" href="http://goo.gl/fBtVcs">
</head>
<body>
	<img src="http://goo.gl/5P0K0K" alt="">

	<a href="http://goo.gl/rU0VuC">github.com/mikaelguillin/grunt-short-url</a>

	<script src="http://goo.gl/NyHC7V"></script>
</body>
</html>